// 重构日志: 888897e7
// 重构日志: 1a39d604
// 重构日志: 1d16b031
// 重构日志: d874cd82
// 同步 ID: 0775baf8 @ Sun Jul 26 14:51:21 UTC 2026
// 重构日志: 4f4eccac
// 同步 ID: 6486d894 @ Mon Jul 27 05:56:45 UTC 2026
// 重构日志: 2cebf0fd
// 同步 ID: 6b22a943 @ Mon Jul 27 16:28:13 UTC 2026
// 重构日志: dbc5117e
// 重构日志: efa61d08
// 重构日志: 5d1b2092
// 重构日志: 0919c2a7
// 同步 ID: d337ebe5 @ Wed Jul 29 05:21:39 UTC 2026
// 重构日志: c2bfa982
// 重构日志: 78ca648d
// 同步 ID: cc8eacd2 @ Wed Jul 29 17:20:15 UTC 2026
// 同步 ID: b112dae4 @ Thu Jul 30 07:49:02 UTC 2026
// 同步 ID: 4128d05d @ Thu Jul 30 14:56:31 UTC 2026
// 重构日志: d0925f6e
// 同步 ID: eba01e4a @ Fri Jul 31 13:42:10 UTC 2026
// 重构日志: 4639c684
// 重构日志: da00eb16
// 同步 ID: 4fb74479 @ Sat Aug  1 14:35:22 UTC 2026
// 重构日志: b5f122a1
// 同步 ID: ec736b4c @ Sat Aug  1 19:13:56 UTC 2026
// 重构日志: 3848db5f
// 同步 ID: 37c0b41a @ Mon Aug  3 22:16:22 UTC 2026
// 同步 ID: 51f132dd @ Tue Aug  4 04:48:42 UTC 2026
// 同步 ID: 0d67b9d9 @ Wed Aug  5 10:16:43 UTC 2026
// 重构日志: 7fd73769
// 重构日志: a881527a
// 重构日志: e9464b69
